// Jest Snapshot v1, https://goo.gl/fbAQLP

exports[`Card should match the snapShot 1`] = `
ShallowWrapper {
  "complexSelector": ComplexSelector {
    "buildPredicate": [Function],
    "childrenOfNode": [Function],
    "findWhereUnwrapped": [Function],
  },
  "length": 1,
  "node": <div
    className="card undefined Denver"
    onClick={[Function]}
>
    <h3
        className="card-title"
    >
        Denver
    </h3>
    <ul>
        <li
            className="aboveHalf"
        >
            2001
            : 
            0.99
        </li>
        <li
            className="aboveHalf"
        >
            2002
            : 
            0.98
        </li>
        <li
            className="aboveHalf"
        >
            2003
            : 
            0.97
        </li>
    </ul>
</div>,
  "nodes": Array [
    <div
      className="card undefined Denver"
      onClick={[Function]}
>
      <h3
            className="card-title"
      >
            Denver
      </h3>
      <ul>
            <li
                  className="aboveHalf"
            >
                  2001
                  : 
                  0.99
            </li>
            <li
                  className="aboveHalf"
            >
                  2002
                  : 
                  0.98
            </li>
            <li
                  className="aboveHalf"
            >
                  2003
                  : 
                  0.97
            </li>
      </ul>
</div>,
  ],
  "options": Object {},
  "renderer": ReactShallowRenderer {
    "_instance": ShallowComponentWrapper {
      "_calledComponentWillUnmount": false,
      "_compositeType": 2,
      "_context": Object {},
      "_currentElement": <Card
        location="Denver"
        select={[Function]}
        yearAndData={
                Object {
                        "2001": 0.99,
                        "2002": 0.98,
                        "2003": 0.97,
                      }
        }
/>,
      "_debugID": 1,
      "_hostContainerInfo": null,
      "_hostParent": null,
      "_instance": StatelessComponent {
        "_reactInternalInstance": [Circular],
        "context": Object {},
        "props": Object {
          "location": "Denver",
          "select": [Function],
          "yearAndData": Object {
            "2001": 0.99,
            "2002": 0.98,
            "2003": 0.97,
          },
        },
        "refs": Object {},
        "state": null,
        "updater": Object {
          "enqueueCallback": [Function],
          "enqueueCallbackInternal": [Function],
          "enqueueElementInternal": [Function],
          "enqueueForceUpdate": [Function],
          "enqueueReplaceState": [Function],
          "enqueueSetState": [Function],
          "isMounted": [Function],
          "validateCallback": [Function],
        },
      },
      "_mountOrder": 1,
      "_pendingCallbacks": null,
      "_pendingElement": null,
      "_pendingForceUpdate": false,
      "_pendingReplaceState": false,
      "_pendingStateQueue": null,
      "_renderedComponent": NoopInternalComponent {
        "_currentElement": <div
          className="card undefined Denver"
          onClick={[Function]}
>
          <h3
                    className="card-title"
          >
                    Denver
          </h3>
          <ul>
                    <li
                              className="aboveHalf"
                    >
                              2001
                              : 
                              0.99
                    </li>
                    <li
                              className="aboveHalf"
                    >
                              2002
                              : 
                              0.98
                    </li>
                    <li
                              className="aboveHalf"
                    >
                              2003
                              : 
                              0.97
                    </li>
          </ul>
</div>,
        "_debugID": 2,
        "_renderedOutput": <div
          className="card undefined Denver"
          onClick={[Function]}
>
          <h3
                    className="card-title"
          >
                    Denver
          </h3>
          <ul>
                    <li
                              className="aboveHalf"
                    >
                              2001
                              : 
                              0.99
                    </li>
                    <li
                              className="aboveHalf"
                    >
                              2002
                              : 
                              0.98
                    </li>
                    <li
                              className="aboveHalf"
                    >
                              2003
                              : 
                              0.97
                    </li>
          </ul>
</div>,
      },
      "_renderedNodeType": 0,
      "_rootNodeID": 0,
      "_topLevelWrapper": null,
      "_updateBatchNumber": null,
      "_warnedAboutRefsInRender": false,
    },
    "getRenderOutput": [Function],
    "render": [Function],
  },
  "root": [Circular],
  "unrendered": <Card
    location="Denver"
    select={[Function]}
    yearAndData={
        Object {
            "2001": 0.99,
            "2002": 0.98,
            "2003": 0.97,
          }
    }
/>,
}
`;
