// Jest Snapshot v1, https://goo.gl/fbAQLP

exports[`ComparisonCard should match snapshot 1`] = `
ShallowWrapper {
  "complexSelector": ComplexSelector {
    "buildPredicate": [Function],
    "childrenOfNode": [Function],
    "findWhereUnwrapped": [Function],
  },
  "length": 1,
  "node": <div
    className="comparison-card"
>
    <h3
        className="first-district"
    >
        Denver
        : 
        0.5
    </h3>
    <img
        alt="arrow pointing left"
        src="http://www.iconsdb.com/icons/preview/purple/arrow-left-xl.png"
    />
    <h2
        className="compared-avg"
    >
        0.65
    </h2>
    <img
        alt="arrow pointing right"
        src="http://www.iconsdb.com/icons/preview/purple/arrow-right-xl.png"
    />
    <h3
        className="second-district"
    >
        Englewood
        : 
        0.4
    </h3>
</div>,
  "nodes": Array [
    <div
      className="comparison-card"
>
      <h3
            className="first-district"
      >
            Denver
            : 
            0.5
      </h3>
      <img
            alt="arrow pointing left"
            src="http://www.iconsdb.com/icons/preview/purple/arrow-left-xl.png"
      />
      <h2
            className="compared-avg"
      >
            0.65
      </h2>
      <img
            alt="arrow pointing right"
            src="http://www.iconsdb.com/icons/preview/purple/arrow-right-xl.png"
      />
      <h3
            className="second-district"
      >
            Englewood
            : 
            0.4
      </h3>
</div>,
  ],
  "options": Object {},
  "renderer": ReactShallowRenderer {
    "_instance": ShallowComponentWrapper {
      "_calledComponentWillUnmount": false,
      "_compositeType": 2,
      "_context": Object {},
      "_currentElement": <ComparisonCard
        comparedAvg={0.65}
        firstAvg={0.5}
        firstDistrict="Denver"
        secondAvg={0.4}
        secondDistrict="Englewood"
/>,
      "_debugID": 1,
      "_hostContainerInfo": null,
      "_hostParent": null,
      "_instance": StatelessComponent {
        "_reactInternalInstance": [Circular],
        "context": Object {},
        "props": Object {
          "comparedAvg": 0.65,
          "firstAvg": 0.5,
          "firstDistrict": "Denver",
          "secondAvg": 0.4,
          "secondDistrict": "Englewood",
        },
        "refs": Object {},
        "state": null,
        "updater": Object {
          "enqueueCallback": [Function],
          "enqueueCallbackInternal": [Function],
          "enqueueElementInternal": [Function],
          "enqueueForceUpdate": [Function],
          "enqueueReplaceState": [Function],
          "enqueueSetState": [Function],
          "isMounted": [Function],
          "validateCallback": [Function],
        },
      },
      "_mountOrder": 1,
      "_pendingCallbacks": null,
      "_pendingElement": null,
      "_pendingForceUpdate": false,
      "_pendingReplaceState": false,
      "_pendingStateQueue": null,
      "_renderedComponent": NoopInternalComponent {
        "_currentElement": <div
          className="comparison-card"
>
          <h3
                    className="first-district"
          >
                    Denver
                    : 
                    0.5
          </h3>
          <img
                    alt="arrow pointing left"
                    src="http://www.iconsdb.com/icons/preview/purple/arrow-left-xl.png"
          />
          <h2
                    className="compared-avg"
          >
                    0.65
          </h2>
          <img
                    alt="arrow pointing right"
                    src="http://www.iconsdb.com/icons/preview/purple/arrow-right-xl.png"
          />
          <h3
                    className="second-district"
          >
                    Englewood
                    : 
                    0.4
          </h3>
</div>,
        "_debugID": 2,
        "_renderedOutput": <div
          className="comparison-card"
>
          <h3
                    className="first-district"
          >
                    Denver
                    : 
                    0.5
          </h3>
          <img
                    alt="arrow pointing left"
                    src="http://www.iconsdb.com/icons/preview/purple/arrow-left-xl.png"
          />
          <h2
                    className="compared-avg"
          >
                    0.65
          </h2>
          <img
                    alt="arrow pointing right"
                    src="http://www.iconsdb.com/icons/preview/purple/arrow-right-xl.png"
          />
          <h3
                    className="second-district"
          >
                    Englewood
                    : 
                    0.4
          </h3>
</div>,
      },
      "_renderedNodeType": 0,
      "_rootNodeID": 0,
      "_topLevelWrapper": null,
      "_updateBatchNumber": null,
      "_warnedAboutRefsInRender": false,
    },
    "getRenderOutput": [Function],
    "render": [Function],
  },
  "root": [Circular],
  "unrendered": <ComparisonCard
    comparedAvg={0.65}
    firstAvg={0.5}
    firstDistrict="Denver"
    secondAvg={0.4}
    secondDistrict="Englewood"
/>,
}
`;
